// Jest Snapshot v1, https://goo.gl/fbAQLP

exports[`AddPeople renders and matches our snapshot 1`] = `
<div
  className="AddPeople"
>
  <input
    onChange={[Function]}
    type="text"
    value=""
  />
    
  <button
    onClick={[Function]}
  >
    Add
  </button>
</div>
`;
