// Jest Snapshot v1, https://goo.gl/fbAQLP

exports[`HelloWorldList renders and matches our snapshot 1`] = `
<div
  className="HelloWorldList"
>
  <div
    className="AddPeople"
  >
    <input
      onChange={[Function]}
      type="text"
      value=""
    />
      
    <button
      onClick={[Function]}
    >
      Add
    </button>
  </div>
  <div
    className="HelloWorld"
  >
    Hello
     
    Jim
    !
    <br />
    <button
      className="fredify"
      onClick={[Function]}
    >
      Fredify!
    </button>
    <button
      className="remove"
      onClick={[Function]}
    >
      Remove Me!
    </button>
  </div>
  <div
    className="HelloWorld"
  >
    Hello
     
    Sally
    !
    <br />
    <button
      className="fredify"
      onClick={[Function]}
    >
      Fredify!
    </button>
    <button
      className="remove"
      onClick={[Function]}
    >
      Remove Me!
    </button>
  </div>
  <div
    className="HelloWorld"
  >
    Hello
     
    Bender
    !
    <br />
    <button
      className="fredify"
      onClick={[Function]}
    >
      Fredify!
    </button>
    <button
      className="remove"
      onClick={[Function]}
    >
      Remove Me!
    </button>
  </div>
</div>
`;
